warning: [options] bootstrap class path not set in conjunction with -source 8
warning: [options] source value 8 is obsolete and will be removed in a future release
warning: [options] target value 8 is obsolete and will be removed in a future release
warning: [options] To suppress warnings about obsolete options, use -Xlint:-options.
Note: src\com\pharmacie\setup\SetupFrame.java uses or overrides a deprecated API.
Note: Recompile with -Xlint:deprecation for details.
4 warnings
